root@5018543-bi97187:~# echo "=== СИСТЕМНАЯ ИНФОРМАЦИЯ ==="
uname -a
lsb_release -a
whoami
pwd
date
=== СИСТЕМНАЯ ИНФОРМАЦИЯ ===
Linux 5018543-bi97187 5.15.0-141-generic #151-Ubuntu SMP Sun May 18 21:35:19 UTC 2025 x86_64 x86_64 x86_64 GNU/Linux
No LSB modules are available.
Distributor ID: Ubuntu
Description:    Ubuntu 22.04.5 LTS
Release:        22.04
Codename:       jammy
root
/root
Fri Jul 11 06:23:36 PM MSK 2025
root@5018543-bi97187:~# echo "=== РЕСУРСЫ СЕРВЕРА ==="
free -h
df -h
ps aux --sort=-%mem | head -10
=== РЕСУРСЫ СЕРВЕРА ===
               total        used        free      shared  buff/cache   available
Mem:           1.9Gi       363Mi       995Mi       1.0Mi       604Mi       1.4Gi
Swap:             0B          0B          0B
Filesystem      Size  Used Avail Use% Mounted on
tmpfs           197M  1.0M  196M   1% /run
/dev/sda1        30G  9.8G   20G  34% /
tmpfs           982M     0  982M   0% /dev/shm
tmpfs           5.0M     0  5.0M   0% /run/lock
tmpfs           197M  4.0K  197M   1% /run/user/0
USER         PID %CPU %MEM    VSZ   RSS TTY      STAT START   TIME COMMAND
root         355  0.0  4.8 160912 96732 ?        S<s  Jul10   0:15 /lib/systemd/systemd-journald
mongodb      671  0.4  4.6 2586596 93476 ?       Ssl  Jul10   7:40 /usr/bin/mongod --config /etc/mongod.conf
root       16520  0.1  4.1 11534724 82928 ?      Sl   14:45   0:23 node /var/www/mapmon/.output/server/index.mjs
root       16534  0.1  3.6 1239160 73180 ?       Sl   14:45   0:22 node /var/www/mapmon/server-backup/mqtt-collector.cjs
root       16521  0.2  3.4 1039660 68764 ?       Sl   14:45   0:31 node /var/www/mapmon/server-backup/api-server.cjs
root         791  0.0  2.9 1101672 60176 ?       Ssl  Jul10   1:33 PM2 v6.0.8: God Daemon (/root/.pm2)
root         391  0.0  1.3 289352 27100 ?        SLsl Jul10   0:08 /sbin/multipathd -d -s
root         679  0.0  0.9 1774832 19152 ?       Ssl  Jul10   0:06 /usr/lib/snapd/snapd
root         672  0.0  0.7  32812 15900 ?        Ss   Jul10   0:00 /usr/bin/python3 /usr/bin/networkd-dispatcher --run-startup-triggers